Microchip MPLAB XC8 Compiler V2.32

Linker command line:

-W-3 --edf=C:\Program Files\Microchip\xc8\v2.32\pic\dat\en_msgs.txt -cn \
  -h+dist/default/production\keypad.X.production.sym \
  --cmf=dist/default/production\keypad.X.production.cmf -z -Q18F43K22 \
  -oC:\Users\hp\AppData\Local\Temp\xcAsffk.4 --defsym=__MPLAB_BUILD=1 \
  -Mdist/default/production/keypad.X.production.map -E1 -ver=XC8 Compiler \
  --acfsm=1493 -ASTACK=060h-01FFh -pstack=STACK -ACODE=00h-01FFFh \
  -ACONST=00h-01FFFh -ASMALLCONST=0200h-02FFhx30 -AMEDIUMCONST=0200h-01FFFh \
  -ACOMRAM=01h-05Fh -AABS1=00h-01FFh -ABIGRAM=01h-01FFh \
  -ARAM=060h-0FFh,0100h-01FFh -ABANK0=060h-0FFh -ABANK1=0100h-01FFh \
  -ASFR=0F38h-0F5Fh,0F60h-0FFFh -ACONFIG=0300000h-030000Dh \
  -AIDLOC=0200000h-0200007h -AEEDATA=0F00000h-0F000FFh -peeprom_data=EEDATA \
  -preset_vec=00h,intcode,intcodelo,powerup,init -pramtop=0200h \
  -psmallconst=SMALLCONST -pmediumconst=MEDIUMCONST -pconst=CONST \
  -AFARRAM=00h-00h \
  -prdata=COMRAM,nvrram=COMRAM,nvbit=COMRAM,rbss=COMRAM,rbit=COMRAM \
  -pfarbss=FARRAM,fardata=FARRAM,nvFARRAM=FARRAM \
  -pintsave_regs=BIGRAM,bigbss=BIGRAM,bigdata=BIGRAM -pbss=RAM \
  -pidata=CODE,irdata=CODE,ibigdata=CODE,ifardata=CODE -prparam=COMRAM \
  C:\Users\hp\AppData\Local\Temp\xcAsffk.o \
  dist/default/production\keypad.X.production.o 

Object code version is 3.11

Machine type is 18F43K22



                Name                               Link     Load   Length Selector   Space Scale
C:\Users\hp\AppData\Local\Temp\xcAsffk.o
                idloc                            200000   200000        8        0       5
                config                           300000   300000        E        0       4
                init                                  0        0        4        0       0
dist/default/production\keypad.X.production.o
                idloc                            200000   200000        8        0       5
                config                           300000   300000        E        0       4
                smallconst                          200      200        A      100       0
                text8                               456      456       16      105       0
                text7                               47C      47C       10      105       0
                text6                               32A      32A       90      105       0
                text5                               29A      29A       90      105       0
                text4                               20A      20A       90      105       0
                text3                               46C      46C       10      105       0
                text2                               436      436       20      105       0
                text1                               400      400       36      105       0
                text0                               3BA      3BA       46      105       0
                cstackCOMRAM                          1        1        4        1       1
                cinit                               48C      48C        E      105       0

TOTAL           Name                               Link     Load   Length     Space
        CLASS   STACK          

        CLASS   CODE           
                init                                  0        0        4         0
                text8                               456      456       16         0
                text7                               47C      47C       10         0
                text6                               32A      32A       90         0
                text5                               29A      29A       90         0
                text4                               20A      20A       90         0
                text3                               46C      46C       10         0
                text2                               436      436       20         0
                text1                               400      400       36         0
                text0                               3BA      3BA       46         0
                cinit                               48C      48C        E         0

        CLASS   CONST          

        CLASS   SMALLCONST     
                smallconst                          200      200        A         0

        CLASS   MEDIUMCONST    

        CLASS   COMRAM         
                cstackCOMRAM                          1        1        4         1

        CLASS   ABS1           

        CLASS   BIGRAM         

        CLASS   RAM            

        CLASS   BANK0          

        CLASS   BANK1          

        CLASS   SFR            

        CLASS   CONFIG         
                config                           300000   300000        E         4

        CLASS   IDLOC          
                idloc                            200000   200000        8         5

        CLASS   EEDATA         

        CLASS   FARRAM         



SEGMENTS        Name                           Load    Length   Top    Selector   Space  Class

                reset_vec                      000000  000004  000004         0       0  CODE    
                cstackCOMRAM                   000001  000004  000005         1       1  COMRAM  
                smallconst                     000200  00000A  00020A       100       0  SMALLCON
                text4                          00020A  000290  00049A       105       0  CODE    


UNUSED ADDRESS RANGES

        Name                Unused          Largest block    Delta
        BANK0            000060-0000FF               A0
        BANK1            000100-0001FF              100
        BIGRAM           000005-0001FF              1FB
        CODE             000004-0001FF              1FC
                         00049A-001FFF             1B66
        COMRAM           000005-00005F               5B
        CONST            000004-0001FF              1FC
                         00049A-001FFF             1B66
        EEDATA           F00000-F000FF              100
        MEDIUMCONST      00049A-001FFF             1B66
        RAM              000060-0001FF               A0
        SFR              000F38-000FFF               28
        SMALLCONST       00049A-001FFF              100
        STACK            000060-0001FF              1A0

                                  Symbol Table

_ANSELC                  (abs)        000F3A
_ANSELD                  (abs)        000F3B
_PORTBbits               (abs)        000F81
_PORTCbits               (abs)        000F82
_PORTD                   (abs)        000F83
_TRISB                   (abs)        000F93
_TRISC                   (abs)        000F94
_TRISD                   (abs)        000F95
__HRAM                   (abs)        000000
__Habs1                  abs1         000000
__Hbank0                 bank0        000000
__Hbank1                 bank1        000000
__Hbigbss                bigbss       000000
__Hbigdata               bigdata      000000
__Hbigram                bigram       000000
__Hbss                   bss          000000
__Hcinit                 cinit        000000
__Hclrtext               clrtext      000000
__Hcomram                comram       000000
__Hconfig                config       30000E
__Hconst                 const        000000
__HcstackCOMRAM          cstackCOMRAM 000000
__Hdata                  data         000000
__Heeprom_data           eeprom_data  000000
__Hfarbss                farbss       000000
__Hfardata               fardata      000000
__Hibigdata              ibigdata     000000
__Hidata                 idata        000000
__Hidloc                 idloc        200008
__Hifardata              ifardata     000000
__Hinit                  init         000004
__Hintcode               intcode      000000
__Hintcode_body          intcode_body 000000
__Hintcodelo             intcodelo    000000
__Hintentry              intentry     000000
__Hintret                intret       000000
__Hintsave_regs          intsave_regs 000000
__Hirdata                irdata       000000
__Hmediumconst           mediumconst  000000
__HnvFARRAM              nvFARRAM     000000
__Hnvbit                 nvbit        000000
__Hnvrram                nvrram       000000
__Hparam                 rparam       000000
__Hpowerup               powerup      000000
__Hram                   ram          000000
__Hramtop                ramtop       000200
__Hrbit                  rbit         000000
__Hrbss                  rbss         000000
__Hrdata                 rdata        000000
__Hreset_vec             reset_vec    000000
__Hrparam                rparam       000000
__Hsfr                   sfr          000000
__Hsmallconst            smallconst   00020A
__Hspace_0               (abs)        00049A
__Hspace_1               (abs)        000005
__Hspace_2               (abs)        000000
__Hspace_4               (abs)        60000E
__Hstack                 stack        000000
__Hstruct                struct       000000
__Htemp                  temp         000000
__Htext                  text         000000
__Htext0                 text0        000000
__Htext1                 text1        000000
__Htext2                 text2        000000
__Htext3                 text3        000000
__Htext4                 text4        000000
__Htext5                 text5        000000
__Htext6                 text6        000000
__Htext7                 text7        000000
__Htext8                 text8        000000
__LRAM                   (abs)        000001
__Labs1                  abs1         000000
__Lbank0                 bank0        000000
__Lbank1                 bank1        000000
__Lbigbss                bigbss       000000
__Lbigdata               bigdata      000000
__Lbigram                bigram       000000
__Lbss                   bss          000000
__Lcinit                 cinit        000000
__Lclrtext               clrtext      000000
__Lcomram                comram       000000
__Lconfig                config       000000
__Lconst                 const        000000
__LcstackCOMRAM          cstackCOMRAM 000000
__Ldata                  data         000000
__Leeprom_data           eeprom_data  000000
__Lfarbss                farbss       000000
__Lfardata               fardata      000000
__Libigdata              ibigdata     000000
__Lidata                 idata        000000
__Lidloc                 idloc        000000
__Lifardata              ifardata     000000
__Linit                  init         000000
__Lintcode               intcode      000000
__Lintcode_body          intcode_body 000000
__Lintcodelo             intcodelo    000000
__Lintentry              intentry     000000
__Lintret                intret       000000
__Lintsave_regs          intsave_regs 000000
__Lirdata                irdata       000000
__Lmediumconst           mediumconst  000000
__LnvFARRAM              nvFARRAM     000000
__Lnvbit                 nvbit        000000
__Lnvrram                nvrram       000000
__Lparam                 rparam       000000
__Lpowerup               powerup      000000
__Lram                   ram          000000
__Lramtop                ramtop       000200
__Lrbit                  rbit         000000
__Lrbss                  rbss         000000
__Lrdata                 rdata        000000
__Lreset_vec             reset_vec    000000
__Lrparam                rparam       000000
__Lsfr                   sfr          000000
__Lsmallconst            smallconst   000200
__Lspace_0               (abs)        000000
__Lspace_1               (abs)        000000
__Lspace_2               (abs)        000000
__Lspace_4               (abs)        000000
__Lstack                 stack        000000
__Lstruct                struct       000000
__Ltemp                  temp         000000
__Ltext                  text         000000
__Ltext0                 text0        000000
__Ltext1                 text1        000000
__Ltext2                 text2        000000
__Ltext3                 text3        000000
__Ltext4                 text4        000000
__Ltext5                 text5        000000
__Ltext6                 text6        000000
__Ltext7                 text7        000000
__Ltext8                 text8        000000
__S0                     (abs)        00049A
__S1                     (abs)        000005
__S2                     (abs)        000000
__S4                     (abs)        000000
__S5                     (abs)        000000
___inthi_sp              stack        000000
___intlo_sp              stack        000000
___param_bank            (abs)        000000
___rparam_used           (abs)        000001
___sp                    stack        000000
__accesstop              (abs)        000060
__activetblptr           (abs)        000001
__end_of__initialization cinit        00048C
__end_of_keypadC1        text6        0003BA
__end_of_keypadC2        text5        00032A
__end_of_keypadC3        text4        00029A
__end_of_lcd_cmd         text3        00047C
__end_of_lcd_data        text7        00048C
__end_of_lcd_int         text2        000456
__end_of_lcd_lat         text8        00046C
__end_of_lcd_string      text1        000436
__end_of_main            text0        000400
__initialization         cinit        00048C
__mediumconst            mediumconst  000000
__pcinit                 cinit        00048C
__pcstackCOMRAM          cstackCOMRAM 000001
__psmallconst            smallconst   000200
__ptext0                 text0        0003BA
__ptext1                 text1        000400
__ptext2                 text2        000436
__ptext3                 text3        00046C
__ptext4                 text4        00020A
__ptext5                 text5        00029A
__ptext6                 text6        00032A
__ptext7                 text7        00047C
__ptext8                 text8        000456
__ramtop                 ramtop       000200
__size_of_keypadC1       (abs)        000000
__size_of_keypadC2       (abs)        000000
__size_of_keypadC3       (abs)        000000
__size_of_lcd_cmd        (abs)        000000
__size_of_lcd_data       (abs)        000000
__size_of_lcd_int        (abs)        000000
__size_of_lcd_lat        (abs)        000000
__size_of_lcd_string     (abs)        000000
__size_of_main           (abs)        000000
__smallconst             smallconst   000200
_keypadC1                text6        00032A
_keypadC2                text5        00029A
_keypadC3                text4        00020A
_lcd_cmd                 text3        00046C
_lcd_data                text7        00047C
_lcd_int                 text2        000436
_lcd_lat                 text8        000456
_lcd_string              text1        000400
_main                    text0        0003BA
end_of_initialization    cinit        00048C
intlevel0                text         000000
intlevel1                text         000000
intlevel2                text         000000
intlevel3                text         000000
isa$std                  (abs)        000001
isa$xinst                (abs)        000000
lcd_cmd@command          cstackCOMRAM 000002
lcd_data@data            cstackCOMRAM 000002
lcd_string@strng         cstackCOMRAM 000003
stackhi                  (abs)        0001FF
stacklo                  (abs)        000060
start                    init         000000
start_initialization     cinit        00048C


MODULE INFORMATION

Module		Function		Class		Link	Load	Size
keypad.c
		_lcd_cmd       		CODE           	046C	0000	16
		_lcd_data      		CODE           	047C	0000	16
		_main          		CODE           	03BA	0000	70
		_keypadC1      		CODE           	032A	0000	144
		_keypadC2      		CODE           	029A	0000	144
		_keypadC3      		CODE           	020A	0000	144
		_lcd_int       		CODE           	0436	0000	32
		_lcd_lat       		CODE           	0456	0000	22
		_lcd_string    		CODE           	0400	0000	54

keypad.c estimated size: 642

shared
		__initialization		CODE           	048C	0000	1

shared estimated size: 1

